Microchip MPLAB XC8 Compiler V2.40

Linker command line:

-W-3 \
  --edf=C:\Program Files\Microchip\xc8\v2.40\pic\dat\20220703182018_en.msgs \
  -cn -h+dist/default/production\lab01.X.production.sym \
  --cmf=dist/default/production\lab01.X.production.cmf -z -Q16F887 \
  -oC:\Users\gaban\AppData\Local\Temp\xcAsm30.4 --defsym=__MPLAB_BUILD=1 \
  --fixupoverflow=error -Mdist/default/production/lab01.X.production.map \
  --md=C:\Users\gaban\AppData\Local\Temp\xcAsm30.dat -E1 -ver=XC8 Compiler \
  --acfsm=1493 -ACODE=00h-07FFhx4 -ASTRCODE=00h-01FFFh -ASTRING=00h-0FFhx32 \
  -ACONST=00h-0FFhx32 -AENTRY=00h-0FFhx32 -ACOMMON=070h-07Fh \
  -ABANK0=020h-06Fh -ABANK1=0A0h-0EFh -ABANK2=0110h-016Fh \
  -ABANK3=0190h-01EFh -ARAM=020h-06Fh,0A0h-0EFh,0110h-016Fh,0190h-01EFh \
  -AABS1=020h-07Fh,0A0h-0EFh,0110h-016Fh,0190h-01EFh -ASFR0=00h-01Fh \
  -ASFR1=080h-09Fh -ASFR2=0100h-010Fh -ASFR3=0180h-018Fh \
  -ACONFIG=02007h-02008h -DCONFIG=2 -AIDLOC=02000h-02003h -DIDLOC=2 \
  -AEEDATA=00h-0FFh/02100h -peeprom_data=EEDATA -DEEDATA=2 -DCODE=2 \
  -DSTRCODE=2 -DSTRING=2 -DCONST=2 -DENTRY=2 \
  -preset_vec=00h,intentry=04h,init,end_init -ppowerup=CODE -pcinit=CODE \
  -pfunctab=ENTRY -k C:\Users\gaban\AppData\Local\Temp\xcAsm30.o \
  dist/default/production\lab01.X.production.o 

Object code version is 3.11

Machine type is 16F887



                Name                               Link     Load   Length Selector   Space Scale
C:\Users\gaban\AppData\Local\Temp\xcAsm30.o
                end_init                              E        E        3        8       0
                reset_vec                             0        0        3        0       0
                config                             2007     2007        2        0       4
                idloc                              2000     2000        4        0       5
dist/default/production\lab01.X.production.o
                cinit                                11       11       11        8       0
                intentry                              4        4        A        8       0
                config                             2007     2007        2        0       4
                idloc                              2000     2000        4        0       5
                text13                              142      142       47        8       0
                text12                              274      274        8        8       0
                text11                               EC       EC       56        8       0
                text10                              249      249       15        8       0
                text9                                8B       8B       61        8       0
                text8                                22       22       69        8       0
                text7                               1CC      1CC       29        8       0
                text6                               21B      21B       19        8       0
                text5                               234      234       15        8       0
                text4                               27C      27C        7        8       0
                text3                               1F5      1F5       26        8       0
                text2                               26C      26C        8        8       0
                text1                               25E      25E        E        8       0
                maintext                            189      189       43        8       0
                cstackBANK0                          20       20        A       20       1
                cstackCOMMON                         70       70        7       70       1
                bssBANK0                             2A       2A        6       20       1
                bssCOMMON                            77       77        5       70       1

TOTAL           Name                               Link     Load   Length     Space
        CLASS   CODE           
                end_init                              E        E        3         0
                cinit                                11       11       11         0
                intentry                              4        4        A         0
                reset_vec                             0        0        3         0
                text13                              142      142       47         0
                text12                              274      274        8         0
                text11                               EC       EC       56         0
                text10                              249      249       15         0
                text9                                8B       8B       61         0
                text8                                22       22       69         0
                text7                               1CC      1CC       29         0
                text6                               21B      21B       19         0
                text5                               234      234       15         0
                text4                               27C      27C        7         0
                text3                               1F5      1F5       26         0
                text2                               26C      26C        8         0
                text1                               25E      25E        E         0
                maintext                            189      189       43         0

        CLASS   STRCODE        

        CLASS   STRING         

        CLASS   CONST          

        CLASS   ENTRY          

        CLASS   COMMON         
                cstackCOMMON                         70       70        7         1
                bssCOMMON                            77       77        5         1

        CLASS   BANK0          
                cstackBANK0                          20       20        A         1
                bssBANK0                             2A       2A        6         1

        CLASS   BANK1          

        CLASS   BANK2          

        CLASS   BANK3          

        CLASS   RAM            

        CLASS   ABS1           
                abs_s1                               7E       7E        2         1

        CLASS   SFR0           

        CLASS   SFR1           

        CLASS   SFR2           

        CLASS   SFR3           

        CLASS   CONFIG         
                config                             2007     2007        2         4

        CLASS   IDLOC          
                idloc                              2000     2000        4         5

        CLASS   EEDATA         

        CLASS   STACK          



SEGMENTS        Name                           Load    Length   Top    Selector   Space  Class     Delta

                reset_vec                      000000  000003  000003         0       0  CODE        2
                intentry                       000004  00027F  000283         8       0  CODE        2
                cstackBANK0                    000020  000010  000030        20       1  BANK0       1
                cstackCOMMON                   000070  00000C  00007C        70       1  COMMON      1


UNUSED ADDRESS RANGES

        Name                Unused          Largest block    Delta
        BANK0            0030-006F             40           1
        BANK1            00A0-00EF             50           1
        BANK2            0110-016F             60           1
        BANK3            0190-01EF             60           1
        CODE             0003-0003              1           2
                         0283-1FFF            800
        COMMON           007C-007D              2           1
        CONST            0003-0003              1           2
                         0283-1FFF            100
        EEDATA           2100-21FF            100           2
        ENTRY            0003-0003              1           2
                         0283-1FFF            100
        RAM              0030-006F             40           1
                         00A0-00EF             50
                         0110-016F             60
                         0190-01EF             60
        SFR0             0000-001F             20           1
        SFR1             0080-009F             20           1
        SFR2             0100-010F             10           1
        SFR3             0180-018F             10           1
        STRCODE          0003-0003              1           2
                         0283-1FFF           1D7D
        STRING           0003-0003              1           2
                         0283-1FFF            100

                                  Symbol Table

?___awdiv                cstackBANK0  0020
ArregloHex@numero        cstackBANK0  0022
Init_ADC@channel         cstackBANK0  0021
_ADCON0                  (abs)        001F
_ADCON0bits              (abs)        001F
_ADCON1bits              (abs)        009F
_ADRESH                  (abs)        001E
_ANSEL                   (abs)        0188
_ANSELH                  (abs)        0189
_ArregloHex              text9        008B
_INTCONbits              (abs)        000B
_IOCBbits                (abs)        0096
_Init_ADC                text10       0249
_OPTION_REGbits          (abs)        0081
_OSCCONbits              (abs)        008F
_PIE1bits                (abs)        008C
_PIR1bits                (abs)        000C
_PORTA                   (abs)        0005
_PORTB                   (abs)        0006
_PORTBbits               (abs)        0006
_PORTC                   (abs)        0007
_PORTD                   (abs)        0008
_PORTE                   (abs)        0009
_PORTEbits               (abs)        0009
_T1CONbits               (abs)        0010
_TMR1H                   (abs)        000F
_TMR1L                   (abs)        000E
_TRISA                   (abs)        0085
_TRISBbits               (abs)        0086
_TRISC                   (abs)        0087
_TRISD                   (abs)        0088
_TRISE                   (abs)        0089
_WPUBbits                (abs)        0095
__Habs1                  abs1         0000
__Hbank0                 bank0        0000
__Hbank1                 bank1        0000
__Hbank2                 bank2        0000
__Hbank3                 bank3        0000
__HbssBANK0              bssBANK0     0000
__HbssCOMMON             bssCOMMON    0000
__Hcinit                 cinit        0022
__Hclrtext               clrtext      0000
__Hcode                  code         0000
__Hcommon                common       0000
__Hconfig                config       2009
__HcstackBANK0           cstackBANK0  0000
__HcstackCOMMON          cstackCOMMON 0000
__Heeprom_data           eeprom_data  0000
__Hend_init              end_init     0011
__Hfunctab               functab      0000
__Hidloc                 idloc        2004
__Hinit                  init         000E
__Hintentry              intentry     000E
__Hmaintext              maintext     0000
__Hpowerup               powerup      0000
__Hram                   ram          0000
__Hreset_vec             reset_vec    0003
__Hsfr0                  sfr0         0000
__Hsfr1                  sfr1         0000
__Hsfr2                  sfr2         0000
__Hsfr3                  sfr3         0000
__Hspace_0               (abs)        0283
__Hspace_1               (abs)        007C
__Hspace_2               (abs)        0000
__Hspace_3               (abs)        0000
__Hspace_4               (abs)        4010
__Hstack                 stack        0000
__Hstrings               strings      0000
__Htext                  text         0000
__Labs1                  abs1         0000
__Lbank0                 bank0        0000
__Lbank1                 bank1        0000
__Lbank2                 bank2        0000
__Lbank3                 bank3        0000
__LbssBANK0              bssBANK0     0000
__LbssCOMMON             bssCOMMON    0000
__Lcinit                 cinit        0011
__Lclrtext               clrtext      0000
__Lcode                  code         0000
__Lcommon                common       0000
__Lconfig                config       0000
__LcstackBANK0           cstackBANK0  0000
__LcstackCOMMON          cstackCOMMON 0000
__Leeprom_data           eeprom_data  0000
__Lend_init              end_init     000E
__Lfunctab               functab      0000
__Lidloc                 idloc        0000
__Linit                  init         000E
__Lintentry              intentry     0004
__Lmaintext              maintext     0000
__Lpowerup               powerup      0000
__Lram                   ram          0000
__Lreset_vec             reset_vec    0000
__Lsfr0                  sfr0         0000
__Lsfr1                  sfr1         0000
__Lsfr2                  sfr2         0000
__Lsfr3                  sfr3         0000
__Lspace_0               (abs)        0000
__Lspace_1               (abs)        0000
__Lspace_2               (abs)        0000
__Lspace_3               (abs)        0000
__Lspace_4               (abs)        0000
__Lstack                 stack        0000
__Lstrings               strings      0000
__Ltext                  text         0000
__S0                     (abs)        0283
__S1                     (abs)        007C
__S3                     (abs)        0000
___awdiv                 text8        0022
___awdiv@counter         cstackBANK0  0025
___awdiv@dividend        cstackBANK0  0022
___awdiv@divisor         cstackBANK0  0020
___awdiv@quotient        cstackBANK0  0027
___awdiv@sign            cstackBANK0  0026
___int_sp                stack        0000
___latbits               (abs)        0002
___sp                    stack        0000
___stackhi               (abs)        0000
___stacklo               (abs)        0000
__end_of_ArregloHex      text9        00EC
__end_of_Init_ADC        text10       025E
__end_of___awdiv         text8        008B
__end_of__initialization cinit        001E
__end_of_contador        text13       0189
__end_of_conversion_hexa text7        01F5
__end_of_isr             text11       0142
__end_of_main            maintext     01CC
__end_of_multiplexeo     text6        0234
__end_of_reseteo_TMR1    text2        0274
__end_of_setupINTERRUPT  text5        0249
__end_of_setupINTOSC     text4        0283
__end_of_setupPORTS      text3        021B
__end_of_setupTMR1       text1        026C
__end_ofi1_reseteo_TMR1  text12       027C
__initialization         cinit        0011
__pbssBANK0              bssBANK0     002A
__pbssCOMMON             bssCOMMON    0077
__pcstackBANK0           cstackBANK0  0020
__pcstackCOMMON          cstackCOMMON 0070
__pintentry              intentry     0004
__pmaintext              maintext     0189
__ptext1                 text1        025E
__ptext10                text10       0249
__ptext11                text11       00EC
__ptext12                text12       0274
__ptext13                text13       0142
__ptext2                 text2        026C
__ptext3                 text3        01F5
__ptext4                 text4        027C
__ptext5                 text5        0234
__ptext6                 text6        021B
__ptext7                 text7        01CC
__ptext8                 text8        0022
__ptext9                 text9        008B
_contador                text13       0142
_conversion_hexa         text7        01CC
_decenas_disp            bssBANK0     002C
_display_1               bssBANK0     002F
_display_2               bssBANK0     002E
_flag_antirrebote        bssCOMMON    0079
_flag_antirrebote2       bssCOMMON    0077
_isr                     text11       00EC
_main                    maintext     0189
_multiplexeo             text6        021B
_reseteo_TMR1            text2        026C
_setupINTERRUPT          text5        0234
_setupINTOSC             text4        027C
_setupPORTS              text3        01F5
_setupTMR1               text1        025E
_turno_multiplexeo       bssCOMMON    007B
_unidades_disp           bssBANK0     002D
_valor_adc               bssBANK0     002A
btemp                    (abs)        007E
end_of_initialization    cinit        001E
i1_reseteo_TMR1          text12       0274
interrupt_function       intentry     0004
intlevel0                functab      0000
intlevel1                functab      0000
intlevel2                functab      0000
intlevel3                functab      0000
intlevel4                functab      0000
intlevel5                functab      0000
reset_vec                reset_vec    0000
saved_w                  (abs)        007E
start                    init         000E
start_initialization     cinit        0011
wtemp0                   (abs)        007E


MODULE INFORMATION

Module		Function		Class		Link	Load	Size
lab01.c
		_reseteo_TMR1  		CODE           	026C	0000	8
		_multiplexeo   		CODE           	021B	0000	25
		_main          		CODE           	0189	0000	67
		_isr           		CODE           	00EC	0000	86
		_setupINTOSC   		CODE           	027C	0000	7
		_conversion_hexa		CODE           	01CC	0000	41
		_setupTMR1     		CODE           	025E	0000	14
		_setupPORTS    		CODE           	01F5	0000	38
		_contador      		CODE           	0142	0000	71
		_setupINTERRUPT		CODE           	0234	0000	21

lab01.c estimated size: 378

HEXDISP.c
		_ArregloHex    		CODE           	008B	0000	97

HEXDISP.c estimated size: 97

C:\Program Files\Microchip\xc8\v2.40\pic\sources\c90\common\awdiv.c
		___awdiv       		CODE           	0022	0000	105

C:\Program Files\Microchip\xc8\v2.40\pic\sources\c90\common\awdiv.c estimated size: 105

adc.c
		_Init_ADC      		CODE           	0249	0000	21

adc.c estimated size: 21

shared
		__initialization		CODE           	0011	0000	13
		i1_reseteo_TMR1		CODE           	0274	0000	8

shared estimated size: 21

